#-----------------------------------------------------------
# Vivado v2019.1.2 (64-bit)
# SW Build 2615518 on Fri Aug  9 15:55:25 MDT 2019
# IP Build 2614745 on Fri Aug  9 20:55:02 MDT 2019
# Start of session at: Mon Oct  7 15:22:00 2019
# Process ID: 5176
# Current directory: C:/Users/Ali/Documents/cmpe_125_lab_5/task_1
# Command line: vivado.exe -gui_launcher_event rodinguilauncherevent3760 C:\Users\Ali\Documents\cmpe_125_lab_5\task_1\task_1.xpr
# Log file: C:/Users/Ali/Documents/cmpe_125_lab_5/task_1/vivado.log
# Journal file: C:/Users/Ali/Documents/cmpe_125_lab_5/task_1\vivado.jou
#-----------------------------------------------------------
start_gui
open_project C:/Users/Ali/Documents/cmpe_125_lab_5/task_1/task_1.xpr
update_compile_order -fileset sources_1
launch_simulation
source multipier_tb.tcl
close_sim
launch_simulation
source multipier_tb.tcl
close_sim
close [ open C:/Users/Ali/Documents/cmpe_125_lab_5/task_1/task_1.srcs/sources_1/new/cla8.v w ]
add_files C:/Users/Ali/Documents/cmpe_125_lab_5/task_1/task_1.srcs/sources_1/new/cla8.v
update_compile_order -fileset sources_1
update_compile_order -fileset sources_1
launch_simulation
source multipier_tb.tcl
set_property SOURCE_SET sources_1 [get_filesets sim_1]
close [ open C:/Users/Ali/Documents/cmpe_125_lab_5/task_1/task_1.srcs/sim_1/new/cla8_tb.v w ]
add_files -fileset sim_1 C:/Users/Ali/Documents/cmpe_125_lab_5/task_1/task_1.srcs/sim_1/new/cla8_tb.v
update_compile_order -fileset sim_1
# Disabling source management mode.  This is to allow the top design properties to be set without GUI intervention.
set_property source_mgmt_mode None [current_project]
set_property top cla8_tb [get_filesets sim_1]
set_property top_lib xil_defaultlib [get_filesets sim_1]
# Re-enabling previously disabled source management mode.
set_property source_mgmt_mode All [current_project]
update_compile_order -fileset sim_1
close_sim
launch_simulation
source cla8_tb.tcl
close_sim
# Disabling source management mode.  This is to allow the top design properties to be set without GUI intervention.
set_property source_mgmt_mode None [current_project]
set_property top multipier_tb [get_filesets sim_1]
set_property top_lib xil_defaultlib [get_filesets sim_1]
# Re-enabling previously disabled source management mode.
set_property source_mgmt_mode All [current_project]
update_compile_order -fileset sim_1
launch_simulation
source multipier_tb.tcl
close_sim
launch_simulation
source multipier_tb.tcl
close_sim
launch_simulation
source multipier_tb.tcl
close_sim
update_compile_order -fileset sources_1
update_compile_order -fileset sources_1
update_compile_order -fileset sources_1
update_compile_order -fileset sources_1
update_compile_order -fileset sources_1
update_compile_order -fileset sources_1
launch_simulation
source multipier_tb.tcl
close_sim
launch_simulation
source multipier_tb.tcl
restart
run 1600 ns
restart
run 1300 ns
close_sim
launch_simulation
source multipier_tb.tcl
run 1300 ns
restart
run 2600 ns
close_sim
