#-----------------------------------------------------------
# Vivado v2019.1.2 (64-bit)
# SW Build 2615518 on Fri Aug  9 15:55:25 MDT 2019
# IP Build 2614745 on Fri Aug  9 20:55:02 MDT 2019
# Start of session at: Mon Oct  7 15:07:06 2019
# Process ID: 2244
# Current directory: C:/Users/Ali/Documents/cmpe_125_lab_5/task_1
# Command line: vivado.exe -gui_launcher_event rodinguilauncherevent11300 C:\Users\Ali\Documents\cmpe_125_lab_5\task_1\task_1.xpr
# Log file: C:/Users/Ali/Documents/cmpe_125_lab_5/task_1/vivado.log
# Journal file: C:/Users/Ali/Documents/cmpe_125_lab_5/task_1\vivado.jou
#-----------------------------------------------------------
start_gui
open_project C:/Users/Ali/Documents/cmpe_125_lab_5/task_1/task_1.xpr
update_compile_order -fileset sources_1
launch_simulation
source multipier_tb.tcl
run 800 ns
restart
run 512 ns
close_sim
launch_simulation
source multipier_tb.tcl
restart
run 2560 ns
close_sim
launch_simulation
source multipier_tb.tcl
close_sim
launch_simulation
source multipier_tb.tcl
close_sim
launch_simulation
source multipier_tb.tcl
close_sim
launch_simulation
source multipier_tb.tcl
close_sim
